// Vitest Snapshot v1, https://vitest.dev/guide/snapshot.html

exports[`codedb MCP parameter parity > parity matrix snapshot 1`] = `
{
  "changes:since": "ignored",
  "hot:limit": "effective",
  "outline:compact": "ignored",
  "read:compact": "effective",
  "read:if_hash": "ignored",
  "read:line_start+line_end": "effective",
  "search:compact": "effective",
  "search:max_results": "effective",
  "search:regex": "effective",
  "search:scope": "effective",
  "symbol:body": "effective",
}
`;
